 * Serving Flask app 'app'
 * Debug mode: on
WARNING: This is a development server. Do not use it in a production deployment. Use a production WSGI server instead.
 * Running on all addresses (0.0.0.0)
 * Running on http://127.0.0.1:5000
 * Running on http://10.177.120.115:5000
Press CTRL+C to quit
 * Restarting with stat
 * Debugger is active!
 * Debugger PIN: 386-224-350
127.0.0.1 - - [26/May/2026 21:04:37] "OPTIONS /api/login HTTP/1.1" 200 -
C:\Users\hp\Code\Placment_portal_app_22f3000144\backend\venv\Lib\site-packages\jwt\api_jwt.py:147: InsecureKeyLengthWarning: The HMAC key is 14 bytes long, which is below the minimum recommended length of 32 bytes for SHA256. See RFC 7518 Section 3.2.
  return self._jws.encode(
127.0.0.1 - - [26/May/2026 21:04:37] "POST /api/login HTTP/1.1" 200 -
127.0.0.1 - - [26/May/2026 21:04:38] "OPTIONS /api/company/dashboard HTTP/1.1" 200 -
127.0.0.1 - - [26/May/2026 21:04:38] "OPTIONS /api/company/drives HTTP/1.1" 200 -
C:\Users\hp\Code\Placment_portal_app_22f3000144\backend\venv\Lib\site-packages\jwt\api_jwt.py:365: InsecureKeyLengthWarning: The HMAC key is 14 bytes long, which is below the minimum recommended length of 32 bytes for SHA256. See RFC 7518 Section 3.2.
  decoded = self.decode_complete(
127.0.0.1 - - [26/May/2026 21:04:38] "GET /api/company/drives HTTP/1.1" 200 -
127.0.0.1 - - [26/May/2026 21:04:38] "GET /api/company/dashboard HTTP/1.1" 500 -
Traceback (most recent call last):
  File "C:\Users\hp\Code\Placment_portal_app_22f3000144\backend\venv\Lib\site-packages\flask\app.py", line 1498, in __call__
    return self.wsgi_app(environ, start_response)
           ~~~~~~~~~~~~~^^^^^^^^^^^^^^^^^^^^^^^^^
  File "C:\Users\hp\Code\Placment_portal_app_22f3000144\backend\venv\Lib\site-packages\flask\app.py", line 1476, in wsgi_app
    response = self.handle_exception(e)
  File "C:\Users\hp\Code\Placment_portal_app_22f3000144\backend\venv\Lib\site-packages\flask_cors\extension.py", line 194, in wrapped_function
    return cors_after_request(app.make_response(f(*args, **kwargs)))
                                                ~^^^^^^^^^^^^^^^^^
  File "C:\Users\hp\Code\Placment_portal_app_22f3000144\backend\venv\Lib\site-packages\flask_restful\__init__.py", line 298, in error_router
    return original_handler(e)
  File "C:\Users\hp\Code\Placment_portal_app_22f3000144\backend\venv\Lib\site-packages\flask_restful\__init__.py", line 295, in error_router
    return self.handle_error(e)
           ~~~~~~~~~~~~~~~~~^^^
  File "C:\Users\hp\Code\Placment_portal_app_22f3000144\backend\venv\Lib\site-packages\flask_restful\__init__.py", line 310, in handle_error
    _handle_flask_propagate_exceptions_config(current_app, e)
    ~~~~~~~~~~~~~~~~~~~~~~~~~~~~~~~~~~~~~~~~~^^^^^^^^^^^^^^^^
  File "C:\Users\hp\Code\Placment_portal_app_22f3000144\backend\venv\Lib\site-packages\flask\app.py", line 1473, in wsgi_app
    response = self.full_dispatch_request()
  File "C:\Users\hp\Code\Placment_portal_app_22f3000144\backend\venv\Lib\site-packages\flask\app.py", line 882, in full_dispatch_request
    rv = self.handle_user_exception(e)
  File "C:\Users\hp\Code\Placment_portal_app_22f3000144\backend\venv\Lib\site-packages\flask_cors\extension.py", line 194, in wrapped_function
    return cors_after_request(app.make_response(f(*args, **kwargs)))
                                                ~^^^^^^^^^^^^^^^^^
  File "C:\Users\hp\Code\Placment_portal_app_22f3000144\backend\venv\Lib\site-packages\flask_restful\__init__.py", line 298, in error_router
    return original_handler(e)
  File "C:\Users\hp\Code\Placment_portal_app_22f3000144\backend\venv\Lib\site-packages\flask_restful\__init__.py", line 295, in error_router
    return self.handle_error(e)
           ~~~~~~~~~~~~~~~~~^^^
  File "C:\Users\hp\Code\Placment_portal_app_22f3000144\backend\venv\Lib\site-packages\flask_restful\__init__.py", line 310, in handle_error
    _handle_flask_propagate_exceptions_config(current_app, e)
    ~~~~~~~~~~~~~~~~~~~~~~~~~~~~~~~~~~~~~~~~~^^^^^^^^^^^^^^^^
  File "C:\Users\hp\Code\Placment_portal_app_22f3000144\backend\venv\Lib\site-packages\flask\app.py", line 880, in full_dispatch_request
    rv = self.dispatch_request()
  File "C:\Users\hp\Code\Placment_portal_app_22f3000144\backend\venv\Lib\site-packages\flask\app.py", line 865, in dispatch_request
    return self.ensure_sync(self.view_functions[rule.endpoint])(**view_args)  # type: ignore[no-any-return]
           ~~~~~~~~~~~~~~~~~~~~~~~~~~~~~~~~~~~~~~~~~~~~~~~~~~~~^^^^^^^^^^^^^
  File "C:\Users\hp\Code\Placment_portal_app_22f3000144\backend\venv\Lib\site-packages\flask_restful\__init__.py", line 489, in wrapper
    resp = resource(*args, **kwargs)
  File "C:\Users\hp\Code\Placment_portal_app_22f3000144\backend\venv\Lib\site-packages\flask\views.py", line 110, in view
    return current_app.ensure_sync(self.dispatch_request)(**kwargs)  # type: ignore[no-any-return]
           ~~~~~~~~~~~~~~~~~~~~~~~~~~~~~~~~~~~~~~~~~~~~~~^^^^^^^^^^
  File "C:\Users\hp\Code\Placment_portal_app_22f3000144\backend\venv\Lib\site-packages\flask_restful\__init__.py", line 604, in dispatch_request
    resp = meth(*args, **kwargs)
  File "C:\Users\hp\Code\Placment_portal_app_22f3000144\backend\venv\Lib\site-packages\flask_jwt_extended\view_decorators.py", line 170, in decorator
    return current_app.ensure_sync(fn)(*args, **kwargs)
           ~~~~~~~~~~~~~~~~~~~~~~~~~~~^^^^^^^^^^^^^^^^^
  File "C:\Users\hp\Code\Placment_portal_app_22f3000144\backend\controllers\company_api.py", line 46, in get
    ).count()
      ~~~~~^^
  File "C:\Users\hp\Code\Placment_portal_app_22f3000144\backend\venv\Lib\site-packages\sqlalchemy\orm\query.py", line 3112, in count
    self._legacy_from_self(col).enable_eagerloads(False).scalar()
    ~~~~~~~~~~~~~~~~~~~~~~~~~~~~~~~~~~~~~~~~~~~~~~~~~~~~~~~~~~~^^
  File "C:\Users\hp\Code\Placment_portal_app_22f3000144\backend\venv\Lib\site-packages\sqlalchemy\orm\query.py", line 2805, in scalar
    ret = self.one()
  File "C:\Users\hp\Code\Placment_portal_app_22f3000144\backend\venv\Lib\site-packages\sqlalchemy\orm\query.py", line 2778, in one
    return self._iter().one()  # type: ignore
           ~~~~~~~~~~^^
  File "C:\Users\hp\Code\Placment_portal_app_22f3000144\backend\venv\Lib\site-packages\sqlalchemy\orm\query.py", line 2827, in _iter
    result: Union[ScalarResult[_T], Result[_T]] = self.session.execute(
    
  File "C:\Users\hp\Code\Placment_portal_app_22f3000144\backend\venv\Lib\site-packages\sqlalchemy\orm\session.py", line 2362, in execute
    return self._execute_internal(
    
  File "C:\Users\hp\Code\Placment_portal_app_22f3000144\backend\venv\Lib\site-packages\sqlalchemy\orm\session.py", line 2247, in _execute_internal
    result: Result[Any] = compile_state_cls.orm_execute_statement(
    
  File "C:\Users\hp\Code\Placment_portal_app_22f3000144\backend\venv\Lib\site-packages\sqlalchemy\orm\context.py", line 293, in orm_execute_statement
    result = conn.execute(
    
  File "C:\Users\hp\Code\Placment_portal_app_22f3000144\backend\venv\Lib\site-packages\sqlalchemy\engine\base.py", line 1418, in execute
    return meth(
    
  File "C:\Users\hp\Code\Placment_portal_app_22f3000144\backend\venv\Lib\site-packages\sqlalchemy\sql\elements.py", line 515, in _execute_on_connection
    return connection._execute_clauseelement(
    
  File "C:\Users\hp\Code\Placment_portal_app_22f3000144\backend\venv\Lib\site-packages\sqlalchemy\engine\base.py", line 1632, in _execute_clauseelement
    compiled_sql, extracted_params, cache_hit = elem._compile_w_cache(
    
  File "C:\Users\hp\Code\Placment_portal_app_22f3000144\backend\venv\Lib\site-packages\sqlalchemy\sql\elements.py", line 703, in _compile_w_cache
    compiled_sql = self._compiler(
    
  File "C:\Users\hp\Code\Placment_portal_app_22f3000144\backend\venv\Lib\site-packages\sqlalchemy\sql\elements.py", line 316, in _compiler
    return dialect.statement_compiler(dialect, self, **kw)
           ~~~~~~~~~~~~~~~~~~~~~~~~~~^^^^^^^^^^^^^^^^^^^^^
  File "C:\Users\hp\Code\Placment_portal_app_22f3000144\backend\venv\Lib\site-packages\sqlalchemy\sql\compiler.py", line 1429, in __init__
    Compiled.__init__(self, dialect, statement, **kwargs)
    ~~~~~~~~~~~~~~~~~^^^^^^^^^^^^^^^^^^^^^^^^^^^^^^^^^^^^
  File "C:\Users\hp\Code\Placment_portal_app_22f3000144\backend\venv\Lib\site-packages\sqlalchemy\sql\compiler.py", line 870, in __init__
    self.string = self.process(self.statement, **compile_kwargs)
                  ~~~~~~~~~~~~^^^^^^^^^^^^^^^^^^^^^^^^^^^^^^^^^^
  File "C:\Users\hp\Code\Placment_portal_app_22f3000144\backend\venv\Lib\site-packages\sqlalchemy\sql\compiler.py", line 915, in process
    return obj._compiler_dispatch(self, **kwargs)
           ~~~~~~~~~~~~~~~~~~~~~~^^^^^^^^^^^^^^^^
  File "C:\Users\hp\Code\Placment_portal_app_22f3000144\backend\venv\Lib\site-packages\sqlalchemy\sql\visitors.py", line 141, in _compiler_dispatch
    return meth(self, **kw)  # type: ignore  # noqa: E501
  File "C:\Users\hp\Code\Placment_portal_app_22f3000144\backend\venv\Lib\site-packages\sqlalchemy\sql\compiler.py", line 4824, in visit_select
    text = self._compose_select_body(
    
  File "C:\Users\hp\Code\Placment_portal_app_22f3000144\backend\venv\Lib\site-packages\sqlalchemy\sql\compiler.py", line 4973, in _compose_select_body
    f._compiler_dispatch(
    ^
  File "C:\Users\hp\Code\Placment_portal_app_22f3000144\backend\venv\Lib\site-packages\sqlalchemy\sql\visitors.py", line 141, in _compiler_dispatch
    return meth(self, **kw)  # type: ignore  # noqa: E501
  File "C:\Users\hp\Code\Placment_portal_app_22f3000144\backend\venv\Lib\site-packages\sqlalchemy\sql\compiler.py", line 4262, in visit_alias
    inner = alias.element._compiler_dispatch(
    
  File "C:\Users\hp\Code\Placment_portal_app_22f3000144\backend\venv\Lib\site-packages\sqlalchemy\sql\visitors.py", line 141, in _compiler_dispatch
    return meth(self, **kw)  # type: ignore  # noqa: E501
  File "C:\Users\hp\Code\Placment_portal_app_22f3000144\backend\venv\Lib\site-packages\sqlalchemy\sql\compiler.py", line 4305, in visit_subquery
    return self.visit_alias(subquery, **kw)
           ~~~~~~~~~~~~~~~~^^^^^^^^^^^^^^^^
  File "C:\Users\hp\Code\Placment_portal_app_22f3000144\backend\venv\Lib\site-packages\sqlalchemy\sql\compiler.py", line 4234, in visit_alias
    inner = alias.element._compiler_dispatch(
    
  File "C:\Users\hp\Code\Placment_portal_app_22f3000144\backend\venv\Lib\site-packages\sqlalchemy\sql\visitors.py", line 141, in _compiler_dispatch
    return meth(self, **kw)  # type: ignore  # noqa: E501
  File "C:\Users\hp\Code\Placment_portal_app_22f3000144\backend\venv\Lib\site-packages\sqlalchemy\sql\compiler.py", line 4679, in visit_select
    compile_state = select_stmt._compile_state_factory(
    
  File "C:\Users\hp\Code\Placment_portal_app_22f3000144\backend\venv\Lib\site-packages\sqlalchemy\sql\base.py", line 683, in create_for_statement
    return klass.create_for_statement(statement, compiler, **kw)
           ~~~~~~~~~~~~~~~~~~~~~~~~~~^^^^^^^^^^^^^^^^^^^^^^^^^^^
  File "C:\Users\hp\Code\Placment_portal_app_22f3000144\backend\venv\Lib\site-packages\sqlalchemy\orm\context.py", line 1168, in create_for_statement
    self._setup_for_generate()
    ~~~~~~~~~~~~~~~~~~~~~~~~^^
  File "C:\Users\hp\Code\Placment_portal_app_22f3000144\backend\venv\Lib\site-packages\sqlalchemy\orm\context.py", line 1203, in _setup_for_generate
    self._join(query._setup_joins, self._entities)
    ~~~~~~~~~~^^^^^^^^^^^^^^^^^^^^^^^^^^^^^^^^^^^^
  File "C:\Users\hp\Code\Placment_portal_app_22f3000144\backend\venv\Lib\site-packages\sqlalchemy\orm\context.py", line 1846, in _join
    self._join_left_to_right(
    ^
  File "C:\Users\hp\Code\Placment_portal_app_22f3000144\backend\venv\Lib\site-packages\sqlalchemy\orm\context.py", line 1881, in _join_left_to_right
    ) = self._join_determine_implicit_left_side(
    
  File "C:\Users\hp\Code\Placment_portal_app_22f3000144\backend\venv\Lib\site-packages\sqlalchemy\orm\context.py", line 2045, in _join_determine_implicit_left_side
    raise sa_exc.InvalidRequestError(
    ^
sqlalchemy.exc.InvalidRequestError: Don't know how to join to <Mapper at 0x29379d556a0; Placement>. Please use the .select_from() method to establish an explicit left side, as well as providing an explicit ON clause if not present already to help resolve the ambiguity.
